
  ___  ____  ____  ____  ____ ®
 /__    /   ____/   /   ____/      18.0
___/   /   /___/   /   /___/       MP—Parallel Edition

 Statistics and Data Science       Copyright 1985-2023 StataCorp LLC
                                   StataCorp
                                   4905 Lakeway Drive
                                   College Station, Texas 77845 USA
                                   800-STATA-PC        https://www.stata.com
                                   979-696-4600        stata@stata.com

Stata license: Single-user 2-core  perpetual
Serial number: 501806366048
  Licensed to: ZJXZDS
               软件下载大师

Notes:
      1. Stata is running in batch mode.
      2. Unicode is supported; see help unicode_advice.
      3. More than 2 billion observations are allowed; see help obs_advice.
      4. Maximum number of variables is set to 5,000 but can be increased;
          see help set_maxvar.

. do C:/Users/chenyu/Desktop/0805/paperB/code/doomloop_no_state.do C:/Users/che
> nyu/Desktop/0805 

. version 18.0

. clear all

. set more off

. set varabbrev off

. set linesize 255

. 
. * -----------------------------------------------------------------------------
. * Paper B, Section 4: one-period Doomloop specifications without state controls.
. * This is the only Doomloop estimation entry point used by the unified workflow.
. * It is self-contained: source-only fields are merged into the empirical-theta
. * panel, the debt cutoff is selected in the no-b full-control equation, and the
. * no-lag readiness equation uses that debt cutoff without an own-cutoff search.
. * The competing-criterion test replaces theta with b, mA, TA, and b*mA on one
. * locked debt sample and selects the RSS-minimizing cutoff for each criterion.
. * -----------------------------------------------------------------------------
. 
. args project

. if "`project'"=="" local project "C:/Users/chenyu/Desktop/0805"

. local sourcefile "`project'/data0804/invest_panel_weo.csv"

. local thetafile  "`project'/empirical_theta/stata_outputs/empirical_theta_panel.dta"

. local workflowdir "`project'/doomloop"

. local outdir "`workflowdir'/stata_outputs"

. local figuredir "`workflowdir'/figures"

. 
. capture mkdir "`workflowdir'"

. capture mkdir "`outdir'"

. capture mkdir "`figuredir'"

. capture log close _all

. log using "`outdir'/doomloop_no_state.log", text replace name(nostatelog)
---------------------------------------------------------------------------------------------------------------------------------------------------------------------------------------------------------------------------------------------------------------
      name:  nostatelog
       log:  C:/Users/chenyu/Desktop/0805/doomloop/stata_outputs/doomloop_no_state.log
  log type:  text
 opened on:  16 Aug 2026, 17:45:24

. 
. display as text "DOOMLOOP ONE-PERIOD NO-STATE ANALYSIS START: `c(current_date)' `c(current_time)'"
DOOMLOOP ONE-PERIOD NO-STATE ANALYSIS START: 16 Aug 2026 17:45:24

. display as text "SOURCE: `sourcefile'"
SOURCE: C:/Users/chenyu/Desktop/0805/data0804/invest_panel_weo.csv

. display as text "THETA INPUT: `thetafile'"
THETA INPUT: C:/Users/chenyu/Desktop/0805/empirical_theta/stata_outputs/empirical_theta_panel.dta

. display as text "DEBT OUTCOME: F.debt_gdp-debt_gdp; b_it omitted."
DEBT OUTCOME: F.debt_gdp-debt_gdp; b_it omitted.

. display as text "READINESS OUTCOME: readiness100; A_(t-1) omitted; debt-equation cutoff only."
READINESS OUTCOME: readiness100; A_(t-1) omitted; debt-equation cutoff only.

. display as text "COMPETING CRITERIA: theta, b, mA, TA, and b*mA on one locked debt sample."
COMPETING CRITERIA: theta, b, mA, TA, and b*mA on one locked debt sample.

. 
. capture confirm file "`sourcefile'"

. if _rc {
.     display as error "Source CSV not found."
.     log close nostatelog
.     exit 601
. }

. capture confirm file "`thetafile'"

. if _rc {
.     display as error "Empirical-theta panel not found. Run empirical_theta.do first."
.     log close nostatelog
.     exit 601
. }

. 
. * Source-only interest/revenue field and source-key audit.
. import delimited using "`sourcefile'", clear varnames(1) case(preserve) encoding(UTF-8)
(28 vars, 1,827 obs)

. compress
  (0 bytes saved)

. count
  1,827

. scalar N_source = r(N)

. duplicates tag iso3 year, generate(__dup_source)

Duplicates in terms of iso3 year

. quietly count if __dup_source>0

. scalar N_duplicate_source = r(N)

. preserve

.     keep if __dup_source>0
(1,827 observations deleted)

.     keep country_name iso3 year __dup_source

.     sort iso3 year

.     export delimited using "`outdir'/duplicate_country_year.csv", replace
file C:/Users/chenyu/Desktop/0805/doomloop/stata_outputs/duplicate_country_year.csv saved

. restore

. if scalar(N_duplicate_source)>0 {
.     display as error "Duplicate source country-year keys found."
.     log close nostatelog
.     exit 459
. }

. 
. confirm variable interest_revenue

. recast double interest_revenue

. quietly summarize interest_revenue, meanonly

. scalar interest_source_min = r(min)

. scalar interest_source_max = r(max)

. generate double __interest_source = interest_revenue
(141 missing values generated)

. replace interest_revenue = interest_revenue/100
(1,686 real changes made)

. generate double __interest_scale_diff = abs(interest_revenue-__interest_source/100) if !missing(__interest_source)
(141 missing values generated)

. quietly summarize __interest_scale_diff, meanonly

. scalar interest_scale_maxdiff = cond(r(N)>0,r(max),0)

. quietly summarize interest_revenue, meanonly

. tempname p_units

. postfile `p_units' str32 variable double source_min source_max ratio_min ratio_max max_abs_scaling_diff byte passed using "`outdir'/unit_scaling_checks.dta", replace

. post `p_units' ("interest_revenue") (scalar(interest_source_min)) (scalar(interest_source_max)) (r(min)) (r(max)) (scalar(interest_scale_maxdiff)) (scalar(interest_scale_maxdiff)<=1e-12)

. postclose `p_units'

. preserve

.     use "`outdir'/unit_scaling_checks.dta", clear

.     format source_min source_max ratio_min ratio_max max_abs_scaling_diff %21.15g

.     export delimited using "`outdir'/unit_scaling_checks.csv", replace datafmt
file C:/Users/chenyu/Desktop/0805/doomloop/stata_outputs/unit_scaling_checks.csv saved

. restore

. drop __interest_source __interest_scale_diff __dup_source

. keep iso3 year interest_revenue

. tempfile source_extra

. save `source_extra', replace
(file C:\Users\chenyu\AppData\Local\Temp\ST_13828_000003.tmp not found)
file C:\Users\chenyu\AppData\Local\Temp\ST_13828_000003.tmp saved as .dta format

. 
. * Empirical theta, exact one-period timing, and construction audit.
. use "`thetafile'", clear

. compress
  variable country_id was long now byte
  (5,481 bytes saved)

. isid iso3 year

. merge 1:1 iso3 year using `source_extra', assert(match) nogen

    Result                      Number of obs
    -----------------------------------------
    Not matched                             0
    Matched                             1,827  
    -----------------------------------------

. isid iso3 year

. 
. foreach v in debt_gdp b_it_theta mA_hat spread_saving_component TA_hat theta_hat_A readiness100 vulnerability100 growth inflation_cpi reserves tt country_id {
  2.     capture confirm variable `v'
  3.     if _rc {
  4.         display as error "Required variable missing from the merged theta panel: `v'"
  5.         log close nostatelog
  6.         exit 111
  7.     }
  8. }

. generate double bmA_hat = debt_gdp*mA_hat if !missing(debt_gdp,mA_hat)
(150 missing values generated)

. generate double theta_recomputed_debt_gdp = bmA_hat+TA_hat if !missing(bmA_hat,TA_hat)
(150 missing values generated)

. generate double theta_reconstruction_diff = abs(theta_hat_A-theta_recomputed_debt_gdp) if !missing(theta_hat_A,theta_recomputed_debt_gdp)
(150 missing values generated)

. generate double b_it_mapping_diff = abs(b_it_theta-debt_gdp) if !missing(b_it_theta,debt_gdp)
(103 missing values generated)

. quietly summarize theta_reconstruction_diff, meanonly

. scalar max_theta_reconstruction_diff_ns = cond(r(N)>0,r(max),.)

. quietly summarize b_it_mapping_diff, meanonly

. scalar max_b_it_mapping_diff_ns = cond(r(N)>0,r(max),.)

. quietly count if b_it_theta!=debt_gdp

. scalar bad_b_it_mapping_rows_ns = r(N)

. if scalar(max_theta_reconstruction_diff_ns)>1e-10 | scalar(max_b_it_mapping_diff_ns)>1e-10 | scalar(bad_b_it_mapping_rows_ns)>0 {
.     display as error "Theta is not debt_gdp*mA_hat + TA_hat, or b_it is not debt_gdp."
.     log close nostatelog
.     exit 459
. }

. label variable bmA_hat "debt_gdp*mA_hat"

. label variable theta_recomputed_debt_gdp "debt_gdp*mA_hat + TA_hat recomputed in doomloop"

. label variable theta_reconstruction_diff "Absolute theta reconstruction difference"

. label variable b_it_mapping_diff "Absolute difference between b_it alias and debt_gdp"

. 
. xtset country_id year

Panel variable: country_id (strongly balanced)
 Time variable: year, 1995 to 2023
         Delta: 1 unit

. generate double b_outcome = F.debt_gdp-debt_gdp if !missing(F.debt_gdp,debt_gdp)
(166 missing values generated)

. generate int b_outcome_year = year+1 if !missing(b_outcome)
(166 missing values generated)

. generate double A_outcome = readiness100
(58 missing values generated)

. generate int A_outcome_year = year if !missing(A_outcome)
(58 missing values generated)

. label variable b_outcome "Change in debt/GDP from t to t+1"

. label variable A_outcome "Readiness A at t"

. 
. local xcontrol vulnerability100

. local macro_debt growth inflation_cpi

. local macro_ready growth inflation_cpi

. local external reserves tt

. local controls_debt `macro_debt' `external'

. local controls_ready `macro_ready' `external'

. local full_controls_debt `xcontrol' `controls_debt'

. local full_controls_ready `xcontrol' `controls_ready'

. 
. * The debt sample contains every competing criterion so RSS values are comparable.
. local debt_required b_outcome readiness100 theta_hat_A debt_gdp mA_hat TA_hat bmA_hat `full_controls_debt'

. local ready_required A_outcome interest_revenue theta_hat_A `full_controls_ready'

. egen int debt_ns_missing_count = rowmiss(`debt_required')

. egen int ready_ns_missing_count = rowmiss(`ready_required')

. generate byte sample_debt_ns = debt_ns_missing_count==0

. generate byte sample_ready_ns = ready_ns_missing_count==0

. label variable sample_debt_ns "Locked debt sample for all five cutoff criteria"

. label variable sample_ready_ns "Locked no-lag readiness sample"

. 
. quietly count if sample_debt_ns

. scalar N_debt_ns = r(N)

. quietly count if sample_ready_ns

. scalar N_ready_ns = r(N)

. if scalar(N_debt_ns)==0 | scalar(N_ready_ns)==0 {
.     display as error "A locked Doomloop sample is empty."
.     log close nostatelog
.     exit 2000
. }

. egen byte tag_country_debt_ns = tag(country_id) if sample_debt_ns

. egen byte tag_year_debt_ns = tag(year) if sample_debt_ns

. egen byte tag_country_ready_ns = tag(country_id) if sample_ready_ns

. egen byte tag_year_ready_ns = tag(year) if sample_ready_ns

. quietly count if tag_country_debt_ns==1

. scalar G_debt_ns = r(N)

. quietly count if tag_year_debt_ns==1

. scalar T_debt_ns = r(N)

. quietly summarize year if sample_debt_ns, meanonly

. scalar year_min_debt_ns = r(min)

. scalar year_max_debt_ns = r(max)

. quietly count if tag_country_ready_ns==1

. scalar G_ready_ns = r(N)

. quietly count if tag_year_ready_ns==1

. scalar T_ready_ns = r(N)

. quietly summarize year if sample_ready_ns, meanonly

. scalar year_min_ready_ns = r(min)

. scalar year_max_ready_ns = r(max)

. 
. * Descriptive statistics and data-quality diagnostics on locked samples.
. tempname p_desc

. postfile `p_desc' str12 equation str32 variable double N mean sd min p10 p25 p50 p75 p90 max using "`outdir'/nostate_descriptive_stats.dta", replace

. foreach eq in debt ready {
  2.     local flag sample_`eq'_ns
  3.     if "`eq'"=="debt" local vars b_outcome theta_hat_A debt_gdp mA_hat TA_hat bmA_hat readiness100 `full_controls_debt'
  4.     if "`eq'"=="ready" local vars A_outcome theta_hat_A interest_revenue `full_controls_ready'
  5.     foreach v of local vars {
  6.         quietly summarize `v' if `flag', detail
  7.         post `p_desc' ("`eq'") ("`v'") (r(N)) (r(mean)) (r(sd)) (r(min)) (r(p10)) (r(p25)) (r(p50)) (r(p75)) (r(p90)) (r(max))
  8.     }
  9. }

. postclose `p_desc'

. preserve

.     use "`outdir'/nostate_descriptive_stats.dta", clear

.     export delimited using "`outdir'/nostate_descriptive_stats.csv", replace
file C:/Users/chenyu/Desktop/0805/doomloop/stata_outputs/nostate_descriptive_stats.csv saved

. restore

. 
. tempname p_var

. postfile `p_var' str12 equation str32 variable double sd_overall sd_between sd_within ratio_within_overall str24 fe_identification using "`outdir'/nostate_variation.dta", replace

. foreach eq in debt ready {
  2.     local flag sample_`eq'_ns
  3.     if "`eq'"=="debt" local vars b_outcome theta_hat_A debt_gdp mA_hat TA_hat bmA_hat readiness100 `full_controls_debt'
  4.     if "`eq'"=="ready" local vars A_outcome theta_hat_A interest_revenue `full_controls_ready'
  5.     foreach v of local vars {
  6.         quietly xtsum `v' if `flag'
  7.         local sdo = r(sd)
  8.         local sdb = r(sd_b)
  9.         local sdw = r(sd_w)
 10.         local ratio = cond(`sdo'>0,`sdw'/`sdo',.)
 11.         local ident "adequate"
 12.         if missing(`sdw') | `sdw'<=1e-10*max(1,`sdo') local ident "not_identified_by_FE"
 13.         else if `ratio'<.01 local ident "low_within_variation"
 14.         post `p_var' ("`eq'") ("`v'") (`sdo') (`sdb') (`sdw') (`ratio') ("`ident'")
 15.     }
 16. }

. postclose `p_var'

. preserve

.     use "`outdir'/nostate_variation.dta", clear

.     export delimited using "`outdir'/nostate_variation.csv", replace
file C:/Users/chenyu/Desktop/0805/doomloop/stata_outputs/nostate_variation.csv saved

. restore

. 
. tempname p_miss

. postfile `p_miss' str12 equation str32 variable double missing_total missing_rate exclusive_loss using "`outdir'/nostate_missing_loss.dta", replace

. foreach eq in debt ready {
  2.     if "`eq'"=="debt" local vars `debt_required'
  3.     if "`eq'"=="ready" local vars `ready_required'
  4.     foreach v of local vars {
  5.         local others : list vars - v
  6.         quietly count if missing(`v')
  7.         local mt = r(N)
  8.         capture drop __other_missing
  9.         egen int __other_missing = rowmiss(`others')
 10.         quietly count if missing(`v') & __other_missing==0
 11.         local ex = r(N)
 12.         post `p_miss' ("`eq'") ("`v'") (`mt') (100*`mt'/scalar(N_source)) (`ex')
 13.     }
 14. }

. capture drop __other_missing

. postclose `p_miss'

. preserve

.     use "`outdir'/nostate_missing_loss.dta", clear

.     export delimited using "`outdir'/nostate_missing_loss.csv", replace
file C:/Users/chenyu/Desktop/0805/doomloop/stata_outputs/nostate_missing_loss.csv saved

. restore

. 
. * Formula-check postfile remains open during criterion estimation so the exact
. * regressors used in every search can be compared with their defining formula.
. tempname p_formula

. postfile `p_formula' str64 check double max_abs_difference tolerance byte passed using "`outdir'/nostate_formula_checks.dta", replace

. post `p_formula' ("theta uses debt_gdp*mA_hat + TA_hat") (scalar(max_theta_reconstruction_diff_ns)) (1e-10) (scalar(max_theta_reconstruction_diff_ns)<=1e-10)

. post `p_formula' ("b_it maps exactly to debt_gdp") (scalar(max_b_it_mapping_diff_ns)) (1e-10) (scalar(max_b_it_mapping_diff_ns)<=1e-10 & scalar(bad_b_it_mapping_rows_ns)==0)

. 
. * -----------------------------------------------------------------------------
. * Criterion Decomposition / Competing Criterion Test.
. * -----------------------------------------------------------------------------
. tempname p_profile p_compare

. postfile `p_profile' str12 criterion str32 variable double cutoff rss N N_low N_high using "`outdir'/criterion_rss_profiles.dta", replace

. postfile `p_compare' str12 criterion str32 variable double cutoff beta_L p_L beta_H p_H str24 theoretical_signs double rss r2_within N N_low N_high candidate_count trim_low trim_high using "`outdir'/criterion_comparison.dta", replace

. 
. local criterion_keys theta debt ma ta bma

. foreach key of local criterion_keys {
  2.     if "`key'"=="theta" {
  3.         local qvar theta_hat_A
  4.         local qlabel "theta"
  5.     }
  6.     if "`key'"=="debt" {
  7.         local qvar debt_gdp
  8.         local qlabel "b"
  9.     }
 10.     if "`key'"=="ma" {
 11.         local qvar mA_hat
 12.         local qlabel "mA"
 13.     }
 14.     if "`key'"=="ta" {
 15.         local qvar TA_hat
 16.         local qlabel "TA"
 17.     }
 18.     if "`key'"=="bma" {
 19.         local qvar bmA_hat
 20.         local qlabel "b*mA"
 21.     }
 22. 
.     quietly summarize `qvar' if sample_debt_ns, detail
 23.     scalar q_min_`key' = r(min)
 24.     scalar q_p1_`key' = r(p1)
 25.     scalar q_p10_`key' = r(p10)
 26.     scalar q_p25_`key' = r(p25)
 27.     scalar q_p50_`key' = r(p50)
 28.     scalar q_mean_`key' = r(mean)
 29.     scalar q_p75_`key' = r(p75)
 30.     scalar q_p90_`key' = r(p90)
 31.     scalar q_p99_`key' = r(p99)
 32.     scalar q_max_`key' = r(max)
 33.     format `qvar' %21.15g
 34.     quietly levelsof `qvar' if sample_debt_ns & `qvar'>=scalar(q_p10_`key') & `qvar'<=scalar(q_p90_`key'), local(candidates) clean
 35. 
.     scalar rss_min_`key' = .
 36.     scalar cutoff_`key' = .
 37.     scalar candidate_count_`key' = 0
 38.     scalar low_n_`key' = .
 39.     scalar high_n_`key' = .
 40.     generate double __hL = .
 41.     generate double __hH = .
 42.     generate double __xL = .
 43.     generate double __xH = .
 44.     local minside = max(50,ceil(.10*scalar(N_debt_ns)))
 45. 
.     foreach c of local candidates {
 46.         quietly count if sample_debt_ns & `qvar'<=`c'
 47.         local nlow = r(N)
 48.         quietly count if sample_debt_ns & `qvar'>`c'
 49.         local nhigh = r(N)
 50.         if `nlow'>=`minside' & `nhigh'>=`minside' {
 51.             quietly replace __hL = max(`c'-`qvar',0) if sample_debt_ns
 52.             quietly replace __hH = max(`qvar'-`c',0) if sample_debt_ns
 53.             quietly replace __xL = readiness100*__hL if sample_debt_ns
 54.             quietly replace __xH = readiness100*__hH if sample_debt_ns
 55.             quietly areg b_outcome __xL __xH `full_controls_debt' i.year if sample_debt_ns, absorb(country_id)
 56.             local this_rss = e(rss)
 57.             post `p_profile' ("`qlabel'") ("`qvar'") (`c') (`this_rss') (e(N)) (`nlow') (`nhigh')
 58.             scalar candidate_count_`key' = scalar(candidate_count_`key')+1
 59.             if missing(scalar(rss_min_`key')) | `this_rss'<scalar(rss_min_`key') {
 60.                 scalar rss_min_`key' = `this_rss'
 61.                 scalar cutoff_`key' = `c'
 62.                 scalar low_n_`key' = `nlow'
 63.                 scalar high_n_`key' = `nhigh'
 64.             }
 65.         }
 66.     }
 67.     if missing(scalar(cutoff_`key')) {
 68.         display as error "No admissible cutoff for criterion `qlabel'."
 69.         postclose `p_profile'
 70.         postclose `p_compare'
 71.         postclose `p_formula'
 72.         log close nostatelog
 73.         exit 498
 74.     }
 75. 
.     quietly replace __hL = max(scalar(cutoff_`key')-`qvar',0) if sample_debt_ns
 76.     quietly replace __hH = max(`qvar'-scalar(cutoff_`key'),0) if sample_debt_ns
 77.     quietly replace __xL = readiness100*__hL if sample_debt_ns
 78.     quietly replace __xH = readiness100*__hH if sample_debt_ns
 79.     generate double __formula = readiness100*max(scalar(cutoff_`key')-`qvar',0) if sample_debt_ns
 80.     generate double __diff = abs(__xL-__formula) if sample_debt_ns
 81.     quietly summarize __diff, meanonly
 82.     scalar formula_low_`key' = cond(r(N)>0,r(max),.)
 83.     drop __formula __diff
 84.     generate double __formula = readiness100*max(`qvar'-scalar(cutoff_`key'),0) if sample_debt_ns
 85.     generate double __diff = abs(__xH-__formula) if sample_debt_ns
 86.     quietly summarize __diff, meanonly
 87.     scalar formula_high_`key' = cond(r(N)>0,r(max),.)
 88.     drop __formula __diff
 89. 
.     quietly xtreg b_outcome __xL __xH `full_controls_debt' i.year if sample_debt_ns, fe
 90.     local r2w = e(r2_w)
 91.     quietly areg b_outcome __xL __xH `full_controls_debt' i.year if sample_debt_ns, absorb(country_id) vce(robust)
 92.     local betaL = _b[__xL]
 93.     local betaH = _b[__xH]
 94.     local pL = 2*ttail(e(df_r),abs(_b[__xL]/_se[__xL]))
 95.     local pH = 2*ttail(e(df_r),abs(_b[__xH]/_se[__xH]))
 96.     local finalrss = e(rss)
 97.     local signL = cond(`betaL'>0,"+",cond(`betaL'<0,"-","0"))
 98.     local signH = cond(`betaH'>0,"+",cond(`betaH'<0,"-","0"))
 99.     local theory "No (`signL',`signH')"
100.     if (`betaL'>0 & `betaH'<0) local theory "Match (+,-)"
101.     else if (`betaL'>0 | `betaH'<0) local theory "Partial (`signL',`signH')"
102.     post `p_compare' ("`qlabel'") ("`qvar'") (scalar(cutoff_`key')) (`betaL') (`pL') (`betaH') (`pH') ("`theory'") (`finalrss') (`r2w') (e(N)) (scalar(low_n_`key')) (scalar(high_n_`key')) (scalar(candidate_count_`key')) (scalar(q_p10_`key')) (scalar(
> q_p90_`key'))
103. 
.     post `p_formula' ("criterion `qlabel' low hinge") (scalar(formula_low_`key')) (1e-10) (scalar(formula_low_`key')<=1e-10)
104.     post `p_formula' ("criterion `qlabel' high hinge") (scalar(formula_high_`key')) (1e-10) (scalar(formula_high_`key')<=1e-10)
105.     drop __hL __hH __xL __xH
106. }
(1,827 missing values generated)
(1,827 missing values generated)
(1,827 missing values generated)
(1,827 missing values generated)
(394 missing values generated)
(394 missing values generated)
(394 missing values generated)
(394 missing values generated)
(1,827 missing values generated)
(1,827 missing values generated)
(1,827 missing values generated)
(1,827 missing values generated)
(394 missing values generated)
(394 missing values generated)
(394 missing values generated)
(394 missing values generated)
(1,827 missing values generated)
(1,827 missing values generated)
(1,827 missing values generated)
(1,827 missing values generated)
(394 missing values generated)
(394 missing values generated)
(394 missing values generated)
(394 missing values generated)
(1,827 missing values generated)
(1,827 missing values generated)
(1,827 missing values generated)
(1,827 missing values generated)
(394 missing values generated)
(394 missing values generated)
(394 missing values generated)
(394 missing values generated)
(1,827 missing values generated)
(1,827 missing values generated)
(1,827 missing values generated)
(1,827 missing values generated)
(394 missing values generated)
(394 missing values generated)
(394 missing values generated)
(394 missing values generated)

. postclose `p_profile'

. postclose `p_compare'

. foreach f in criterion_rss_profiles criterion_comparison {
  2.     preserve
  3.         use "`outdir'/`f'.dta", clear
  4.         sort criterion cutoff
  5.         export delimited using "`outdir'/`f'.csv", replace
  6.     restore
  7. }
file C:/Users/chenyu/Desktop/0805/doomloop/stata_outputs/criterion_rss_profiles.csv saved
file C:/Users/chenyu/Desktop/0805/doomloop/stata_outputs/criterion_comparison.csv saved

. 
. scalar rss_min_cutoff_debt_ns = scalar(cutoff_theta)

. scalar rss_min_debt_ns = scalar(rss_min_theta)

. scalar cutoff_candidates_debt_ns = scalar(candidate_count_theta)

. scalar cutoff_low_n_debt_ns = scalar(low_n_theta)

. scalar cutoff_high_n_debt_ns = scalar(high_n_theta)

. 
. * A single cutoff file: readiness inherits the debt/theta cutoff and is not a
. * searched equation.
. tempname p_cutoff

. postfile `p_cutoff' str12 equation str16 cutoff_source double rss_min_cutoff rss candidate_count trim_low trim_high low_n high_n criterion_min criterion_max using "`outdir'/nostate_cutoffs.dta", replace

. post `p_cutoff' ("debt") ("debt_full") (scalar(rss_min_cutoff_debt_ns)) (scalar(rss_min_debt_ns)) (scalar(cutoff_candidates_debt_ns)) (scalar(q_p10_theta)) (scalar(q_p90_theta)) (scalar(cutoff_low_n_debt_ns)) (scalar(cutoff_high_n_debt_ns)) (scalar(q_mi
> n_theta)) (scalar(q_max_theta))

. postclose `p_cutoff'

. preserve

.     use "`outdir'/nostate_cutoffs.dta", clear

.     export delimited using "`outdir'/nostate_cutoffs.csv", replace
file C:/Users/chenyu/Desktop/0805/doomloop/stata_outputs/nostate_cutoffs.csv saved

. restore

. 
. * Main debt and readiness hinges, both at the debt/theta cutoff.
. generate double debt_hinge_low_ns = max(scalar(rss_min_cutoff_debt_ns)-theta_hat_A,0) if sample_debt_ns
(394 missing values generated)

. generate double debt_hinge_high_ns = max(theta_hat_A-scalar(rss_min_cutoff_debt_ns),0) if sample_debt_ns
(394 missing values generated)

. generate double debt_kink_low = readiness100*debt_hinge_low_ns if sample_debt_ns
(394 missing values generated)

. generate double debt_kink_high = readiness100*debt_hinge_high_ns if sample_debt_ns
(394 missing values generated)

. generate double ready_debt_hinge_low_ns = max(scalar(rss_min_cutoff_debt_ns)-theta_hat_A,0) if sample_ready_ns
(369 missing values generated)

. generate double ready_debt_hinge_high_ns = max(theta_hat_A-scalar(rss_min_cutoff_debt_ns),0) if sample_ready_ns
(369 missing values generated)

. generate double ready_debt_kink_low = interest_revenue*ready_debt_hinge_low_ns if sample_ready_ns
(369 missing values generated)

. generate double ready_debt_kink_high = interest_revenue*ready_debt_hinge_high_ns if sample_ready_ns
(369 missing values generated)

. quietly areg A_outcome ready_debt_kink_low ready_debt_kink_high `full_controls_ready' i.year if sample_ready_ns, absorb(country_id)

. scalar rss_ready_at_debt_cutoff_ns = e(rss)

. 
. * Main-equation regression descriptives.
. tempname p_regdesc

. postfile `p_regdesc' str24 specification str12 equation str32 variable str24 role double N mean sd min p10 p25 p50 p75 p90 max using "`outdir'/nostate_regression_descriptive_stats.dta", replace

. foreach eq in debt ready_debt {
  2.     if "`eq'"=="debt" {
  3.         local flag sample_debt_ns
  4.         local spec "debt_no_b"
  5.         local depvar b_outcome
  6.         local regressors debt_kink_low debt_kink_high `full_controls_debt'
  7.         local inputs readiness100 theta_hat_A debt_gdp mA_hat TA_hat bmA_hat
  8.     }
  9.     if "`eq'"=="ready_debt" {
 10.         local flag sample_ready_ns
 11.         local spec "ready_no_lag_debt_cutoff"
 12.         local depvar A_outcome
 13.         local regressors ready_debt_kink_low ready_debt_kink_high `full_controls_ready'
 14.         local inputs interest_revenue theta_hat_A
 15.     }
 16.     quietly summarize `depvar' if `flag', detail
 17.     post `p_regdesc' ("`spec'") ("`eq'") ("`depvar'") ("dependent_variable") (r(N)) (r(mean)) (r(sd)) (r(min)) (r(p10)) (r(p25)) (r(p50)) (r(p75)) (r(p90)) (r(max))
 18.     foreach v of local regressors {
 19.         quietly summarize `v' if `flag', detail
 20.         post `p_regdesc' ("`spec'") ("`eq'") ("`v'") ("regressor") (r(N)) (r(mean)) (r(sd)) (r(min)) (r(p10)) (r(p25)) (r(p50)) (r(p75)) (r(p90)) (r(max))
 21.     }
 22.     foreach v of local inputs {
 23.         quietly summarize `v' if `flag', detail
 24.         post `p_regdesc' ("`spec'") ("`eq'") ("`v'") ("construction_input") (r(N)) (r(mean)) (r(sd)) (r(min)) (r(p10)) (r(p25)) (r(p50)) (r(p75)) (r(p90)) (r(max))
 25.     }
 26. }

. postclose `p_regdesc'

. preserve

.     use "`outdir'/nostate_regression_descriptive_stats.dta", clear

.     export delimited using "`outdir'/nostate_regression_descriptive_stats.csv", replace
file C:/Users/chenyu/Desktop/0805/doomloop/stata_outputs/nostate_regression_descriptive_stats.csv saved

. restore

. 
. * Three nested columns for each unique main equation.
. tempname p_stats p_coef p_equation

. postfile `p_stats' str24 model str12 equation double cutoff N countries years first_year last_year r2_within r2_overall rss df_r byte macro_controls external_controls using "`outdir'/nostate_model_stats.dta", replace

. postfile `p_coef' str24 model str12 equation str32 variable double coefficient se t p ci_low ci_high byte omitted using "`outdir'/nostate_model_coefficients.dta", replace

. postfile `p_equation' str24 model str244 equation_text using "`outdir'/nostate_equations.dta", replace

. 
. local dm1 "DN1_core"

. local dr1 "debt_kink_low debt_kink_high `xcontrol'"

. local dq1 "Delta b(t+1); theta kink; b_it omitted; country and year FE"

. local dmc1 0

. local dec1 0

. local dm2 "DN2_macro"

. local dr2 "debt_kink_low debt_kink_high `xcontrol' `macro_debt'"

. local dq2 "DN1 plus growth and inflation; GDP controls excluded"

. local dmc2 1

. local dec2 0

. local dm3 "DN3_full"

. local dr3 "debt_kink_low debt_kink_high `full_controls_debt'"

. local dq3 "DN2 plus reserves and terms of trade; b_it omitted"

. local dmc3 1

. local dec3 1

. forvalues z=1/3 {
  2.     local mid "`dm`z''"
  3.     local rhs "`dr`z''"
  4.     quietly xtreg b_outcome `rhs' i.year if sample_debt_ns, fe
  5.     local r2w = e(r2_w)
  6.     local r2o = e(r2_o)
  7.     quietly areg b_outcome `rhs' i.year if sample_debt_ns, absorb(country_id) vce(robust)
  8.     estimates store `mid'
  9.     post `p_stats' ("`mid'") ("debt") (scalar(rss_min_cutoff_debt_ns)) (e(N)) (scalar(G_debt_ns)) (scalar(T_debt_ns)) (scalar(year_min_debt_ns)) (scalar(year_max_debt_ns)) (`r2w') (`r2o') (e(rss)) (e(df_r)) (`dmc`z'') (`dec`z'')
 10.     post `p_equation' ("`mid'") ("`dq`z''")
 11.     foreach v of local rhs {
 12.         capture scalar __b = _b[`v']
 13.         if _rc post `p_coef' ("`mid'") ("debt") ("`v'") (.) (.) (.) (.) (.) (.) (1)
 14.         else {
 15.             scalar __se = _se[`v']
 16.             scalar __t = cond(__se>0,__b/__se,.)
 17.             scalar __p = cond(__se>0,2*ttail(e(df_r),abs(__t)),.)
 18.             scalar __crit = invttail(e(df_r),.025)
 19.             post `p_coef' ("`mid'") ("debt") ("`v'") (__b) (__se) (__t) (__p) (__b-__crit*__se) (__b+__crit*__se) (__se==0)
 20.         }
 21.     }
 22. }

. 
. local rm1 "RDN1_core"

. local rr1 "ready_debt_kink_low ready_debt_kink_high `xcontrol'"

. local rq1 "A(t); no A lag; cutoff inherited from the full debt equation"

. local rmc1 0

. local rec1 0

. local rm2 "RDN2_macro"

. local rr2 "ready_debt_kink_low ready_debt_kink_high `xcontrol' `macro_ready'"

. local rq2 "RDN1 plus growth and inflation; GDP controls excluded"

. local rmc2 1

. local rec2 0

. local rm3 "RDN3_full"

. local rr3 "ready_debt_kink_low ready_debt_kink_high `full_controls_ready'"

. local rq3 "RDN2 plus reserves and terms of trade; debt cutoff only"

. local rmc3 1

. local rec3 1

. forvalues z=1/3 {
  2.     local mid "`rm`z''"
  3.     local rhs "`rr`z''"
  4.     quietly xtreg A_outcome `rhs' i.year if sample_ready_ns, fe
  5.     local r2w = e(r2_w)
  6.     local r2o = e(r2_o)
  7.     quietly areg A_outcome `rhs' i.year if sample_ready_ns, absorb(country_id) vce(robust)
  8.     estimates store `mid'
  9.     post `p_stats' ("`mid'") ("ready_debt") (scalar(rss_min_cutoff_debt_ns)) (e(N)) (scalar(G_ready_ns)) (scalar(T_ready_ns)) (scalar(year_min_ready_ns)) (scalar(year_max_ready_ns)) (`r2w') (`r2o') (e(rss)) (e(df_r)) (`rmc`z'') (`rec`z'')
 10.     post `p_equation' ("`mid'") ("`rq`z''")
 11.     foreach v of local rhs {
 12.         capture scalar __b = _b[`v']
 13.         if _rc post `p_coef' ("`mid'") ("ready_debt") ("`v'") (.) (.) (.) (.) (.) (.) (1)
 14.         else {
 15.             scalar __se = _se[`v']
 16.             scalar __t = cond(__se>0,__b/__se,.)
 17.             scalar __p = cond(__se>0,2*ttail(e(df_r),abs(__t)),.)
 18.             scalar __crit = invttail(e(df_r),.025)
 19.             post `p_coef' ("`mid'") ("ready_debt") ("`v'") (__b) (__se) (__t) (__p) (__b-__crit*__se) (__b+__crit*__se) (__se==0)
 20.         }
 21.     }
 22. }

. postclose `p_stats'

. postclose `p_coef'

. postclose `p_equation'

. foreach f in model_stats model_coefficients equations {
  2.     preserve
  3.         use "`outdir'/nostate_`f'.dta", clear
  4.         export delimited using "`outdir'/nostate_`f'.csv", replace
  5.     restore
  6. }
file C:/Users/chenyu/Desktop/0805/doomloop/stata_outputs/nostate_model_stats.csv saved
file C:/Users/chenyu/Desktop/0805/doomloop/stata_outputs/nostate_model_coefficients.csv saved
file C:/Users/chenyu/Desktop/0805/doomloop/stata_outputs/nostate_equations.csv saved

. 
. * Wald tests and preferred full-control coefficients.
. tempname p_wald p_key

. postfile `p_wald' str24 model str80 hypothesis double F df_num df_den p using "`outdir'/nostate_wald_tests.dta", replace

. postfile `p_key' str12 equation double cutoff coefficient_low p_low coefficient_high p_high product_ab byte opposite_sign using "`outdir'/nostate_key_results.dta", replace

. estimates restore DN3_full
(results DN3_full are active now)

. quietly test debt_kink_low debt_kink_high

. post `p_wald' ("DN3_full") ("low- and high-branch coefficients jointly zero") (r(F)) (r(df)) (r(df_r)) (r(p))

. quietly test `macro_debt'

. post `p_wald' ("DN3_full") ("macro controls jointly zero") (r(F)) (r(df)) (r(df_r)) (r(p))

. quietly test `external'

. post `p_wald' ("DN3_full") ("external controls jointly zero") (r(F)) (r(df)) (r(df_r)) (r(p))

. quietly test `controls_debt'

. post `p_wald' ("DN3_full") ("all controls jointly zero") (r(F)) (r(df)) (r(df_r)) (r(p))

. scalar debt_beta_L_ns = _b[debt_kink_low]

. scalar debt_beta_H_ns = _b[debt_kink_high]

. scalar debt_se_L_ns = _se[debt_kink_low]

. scalar debt_se_H_ns = _se[debt_kink_high]

. scalar debt_p_L_ns = 2*ttail(e(df_r),abs(_b[debt_kink_low]/_se[debt_kink_low]))

. scalar debt_p_H_ns = 2*ttail(e(df_r),abs(_b[debt_kink_high]/_se[debt_kink_high]))

. scalar debt_df_ns = e(df_r)

. post `p_key' ("debt") (scalar(rss_min_cutoff_debt_ns)) (scalar(debt_beta_L_ns)) (scalar(debt_p_L_ns)) (scalar(debt_beta_H_ns)) (scalar(debt_p_H_ns)) (scalar(debt_beta_L_ns)*scalar(debt_beta_H_ns)) (scalar(debt_beta_L_ns)*scalar(debt_beta_H_ns)<0)

. 
. estimates restore RDN3_full
(results RDN3_full are active now)

. quietly test ready_debt_kink_low ready_debt_kink_high

. post `p_wald' ("RDN3_full") ("branches jointly zero; debt-equation cutoff") (r(F)) (r(df)) (r(df_r)) (r(p))

. quietly test `macro_ready'

. post `p_wald' ("RDN3_full") ("macro controls jointly zero") (r(F)) (r(df)) (r(df_r)) (r(p))

. quietly test `external'

. post `p_wald' ("RDN3_full") ("external controls jointly zero") (r(F)) (r(df)) (r(df_r)) (r(p))

. quietly test `controls_ready'

. post `p_wald' ("RDN3_full") ("all controls jointly zero") (r(F)) (r(df)) (r(df_r)) (r(p))

. scalar ready_debt_delta_L_ns = _b[ready_debt_kink_low]

. scalar ready_debt_delta_H_ns = _b[ready_debt_kink_high]

. scalar ready_debt_se_L_ns = _se[ready_debt_kink_low]

. scalar ready_debt_se_H_ns = _se[ready_debt_kink_high]

. scalar ready_debt_p_L_ns = 2*ttail(e(df_r),abs(_b[ready_debt_kink_low]/_se[ready_debt_kink_low]))

. scalar ready_debt_p_H_ns = 2*ttail(e(df_r),abs(_b[ready_debt_kink_high]/_se[ready_debt_kink_high]))

. scalar ready_debt_df_ns = e(df_r)

. post `p_key' ("ready_debt") (scalar(rss_min_cutoff_debt_ns)) (scalar(ready_debt_delta_L_ns)) (scalar(ready_debt_p_L_ns)) (scalar(ready_debt_delta_H_ns)) (scalar(ready_debt_p_H_ns)) (scalar(ready_debt_delta_L_ns)*scalar(ready_debt_delta_H_ns)) (scalar(re
> ady_debt_delta_L_ns)*scalar(ready_debt_delta_H_ns)<0)

. postclose `p_wald'

. postclose `p_key'

. foreach f in wald_tests key_results {
  2.     preserve
  3.         use "`outdir'/nostate_`f'.dta", clear
  4.         export delimited using "`outdir'/nostate_`f'.csv", replace
  5.     restore
  6. }
file C:/Users/chenyu/Desktop/0805/doomloop/stata_outputs/nostate_wald_tests.csv saved
file C:/Users/chenyu/Desktop/0805/doomloop/stata_outputs/nostate_key_results.csv saved

. 
. * Theta support for marginal effects and figures.
. quietly summarize theta_hat_A if sample_debt_ns, detail

. scalar theta_debt_ns_p1 = r(p1)

. scalar theta_debt_ns_p10 = r(p10)

. scalar theta_debt_ns_p25 = r(p25)

. scalar theta_debt_ns_p50 = r(p50)

. scalar theta_debt_ns_mean = r(mean)

. scalar theta_debt_ns_p75 = r(p75)

. scalar theta_debt_ns_p90 = r(p90)

. scalar theta_debt_ns_p99 = r(p99)

. quietly summarize theta_hat_A if sample_ready_ns, detail

. scalar theta_ready_ns_p1 = r(p1)

. scalar theta_ready_ns_p10 = r(p10)

. scalar theta_ready_ns_p25 = r(p25)

. scalar theta_ready_ns_p50 = r(p50)

. scalar theta_ready_ns_mean = r(mean)

. scalar theta_ready_ns_p75 = r(p75)

. scalar theta_ready_ns_p90 = r(p90)

. scalar theta_ready_ns_p99 = r(p99)

. 
. tempname p_me

. postfile `p_me' str12 equation str16 estimand str12 point double theta cutoff marginal_effect se t p ci_low ci_high using "`outdir'/nostate_marginal_effects.dta", replace

. estimates restore DN3_full
(results DN3_full are active now)

. foreach point in P10 P25 P50 Mean Cutoff P75 P90 {
  2.     if "`point'"=="P10" local th = scalar(theta_debt_ns_p10)
  3.     if "`point'"=="P25" local th = scalar(theta_debt_ns_p25)
  4.     if "`point'"=="P50" local th = scalar(theta_debt_ns_p50)
  5.     if "`point'"=="Mean" local th = scalar(theta_debt_ns_mean)
  6.     if "`point'"=="Cutoff" local th = scalar(rss_min_cutoff_debt_ns)
  7.     if "`point'"=="P75" local th = scalar(theta_debt_ns_p75)
  8.     if "`point'"=="P90" local th = scalar(theta_debt_ns_p90)
  9.     if abs(`th'-scalar(rss_min_cutoff_debt_ns))<1e-12 post `p_me' ("debt") ("dB/dA") ("`point'") (`th') (scalar(rss_min_cutoff_debt_ns)) (0) (0) (.) (.) (0) (0)
 10.     else if `th'<scalar(rss_min_cutoff_debt_ns) {
 11.         local weight = scalar(rss_min_cutoff_debt_ns)-`th'
 12.         quietly lincom `weight'*debt_kink_low
 13.         post `p_me' ("debt") ("dB/dA") ("`point'") (`th') (scalar(rss_min_cutoff_debt_ns)) (r(estimate)) (r(se)) (r(estimate)/r(se)) (r(p)) (r(lb)) (r(ub))
 14.     }
 15.     else {
 16.         local weight = `th'-scalar(rss_min_cutoff_debt_ns)
 17.         quietly lincom `weight'*debt_kink_high
 18.         post `p_me' ("debt") ("dB/dA") ("`point'") (`th') (scalar(rss_min_cutoff_debt_ns)) (r(estimate)) (r(se)) (r(estimate)/r(se)) (r(p)) (r(lb)) (r(ub))
 19.     }
 20. }

. estimates restore RDN3_full
(results RDN3_full are active now)

. foreach point in P10 P25 P50 Mean Cutoff P75 P90 {
  2.     if "`point'"=="P10" local th = scalar(theta_ready_ns_p10)
  3.     if "`point'"=="P25" local th = scalar(theta_ready_ns_p25)
  4.     if "`point'"=="P50" local th = scalar(theta_ready_ns_p50)
  5.     if "`point'"=="Mean" local th = scalar(theta_ready_ns_mean)
  6.     if "`point'"=="Cutoff" local th = scalar(rss_min_cutoff_debt_ns)
  7.     if "`point'"=="P75" local th = scalar(theta_ready_ns_p75)
  8.     if "`point'"=="P90" local th = scalar(theta_ready_ns_p90)
  9.     if abs(`th'-scalar(rss_min_cutoff_debt_ns))<1e-12 post `p_me' ("ready_debt") ("dA/dFT") ("`point'") (`th') (scalar(rss_min_cutoff_debt_ns)) (0) (0) (.) (.) (0) (0)
 10.     else if `th'<scalar(rss_min_cutoff_debt_ns) {
 11.         local weight = scalar(rss_min_cutoff_debt_ns)-`th'
 12.         quietly lincom `weight'*ready_debt_kink_low
 13.         post `p_me' ("ready_debt") ("dA/dFT") ("`point'") (`th') (scalar(rss_min_cutoff_debt_ns)) (r(estimate)) (r(se)) (r(estimate)/r(se)) (r(p)) (r(lb)) (r(ub))
 14.     }
 15.     else {
 16.         local weight = `th'-scalar(rss_min_cutoff_debt_ns)
 17.         quietly lincom `weight'*ready_debt_kink_high
 18.         post `p_me' ("ready_debt") ("dA/dFT") ("`point'") (`th') (scalar(rss_min_cutoff_debt_ns)) (r(estimate)) (r(se)) (r(estimate)/r(se)) (r(p)) (r(lb)) (r(ub))
 19.     }
 20. }

. postclose `p_me'

. preserve

.     use "`outdir'/nostate_marginal_effects.dta", clear

.     export delimited using "`outdir'/nostate_marginal_effects.csv", replace
file C:/Users/chenyu/Desktop/0805/doomloop/stata_outputs/nostate_marginal_effects.csv saved

. restore

. 
. * Main marginal-effect figures only: debt and no-lag readiness at debt cutoff.
. preserve

.     clear

.     set obs 202
Number of observations (_N) was 0, now 202.

.     generate double theta = scalar(theta_debt_ns_p1)+(_n-1)*(scalar(theta_debt_ns_p99)-scalar(theta_debt_ns_p1))/200 in 1/201
(1 missing value generated)

.     replace theta = scalar(rss_min_cutoff_debt_ns) in 202
(1 real change made)

.     sort theta

.     generate double cutoff = scalar(rss_min_cutoff_debt_ns)

.     generate double marginal_effect = cond(theta<cutoff,scalar(debt_beta_L_ns)*(cutoff-theta),scalar(debt_beta_H_ns)*(theta-cutoff))

.     replace marginal_effect = 0 if abs(theta-cutoff)<1e-12
(0 real changes made)

.     generate double se = cond(theta<cutoff,abs(cutoff-theta)*scalar(debt_se_L_ns),abs(theta-cutoff)*scalar(debt_se_H_ns))

.     replace se = 0 if abs(theta-cutoff)<1e-12
(0 real changes made)

.     generate double critical = invttail(scalar(debt_df_ns),.025)

.     generate double ci_low = marginal_effect-critical*se

.     generate double ci_high = marginal_effect+critical*se

.     generate str8 branch = cond(theta<cutoff,"low",cond(theta>cutoff,"high","cutoff"))

.     order theta cutoff branch marginal_effect se ci_low ci_high

.     save "`outdir'/nostate_marginal_curve_debt.dta", replace
file C:/Users/chenyu/Desktop/0805/doomloop/stata_outputs/nostate_marginal_curve_debt.dta saved

.     export delimited using "`outdir'/nostate_marginal_curve_debt.csv", replace
file C:/Users/chenyu/Desktop/0805/doomloop/stata_outputs/nostate_marginal_curve_debt.csv saved

.     twoway (rarea ci_low ci_high theta, color("214 229 242")) (line marginal_effect theta, lcolor("31 119 180") lwidth(medthick)), ///
>         xline(`=scalar(rss_min_cutoff_debt_ns)', lcolor(gs6) lpattern(dash) lwidth(medthin)) yline(0, lcolor(gs8) lwidth(thin)) ///
>         title("Debt/GDP change at t+1: no b_it state", color(black) size(medsmall)) subtitle("Full controls; pointwise 95% CI; P1-P99 theta support", color(gs5) size(small)) ///
>         xtitle("Empirical adaptation index theta^A", size(small)) ytitle("Marginal effect on change in debt/GDP", size(small)) ///
>         legend(order(2 "Point estimate" 1 "95% CI") rows(1) size(small)) graphregion(color(white)) plotregion(color(white)) ///
>         note("Dashed line: RSS-minimizing cutoff in the full debt equation.", size(vsmall) color(gs5)) name(g_debt_ns, replace)

.     graph export "`figuredir'/debt_marginal_effect_no_b.png", replace width(2400)
file C:/Users/chenyu/Desktop/0805/doomloop/figures/debt_marginal_effect_no_b.png saved as PNG format

.     graph export "`figuredir'/debt_marginal_effect_no_b.pdf", replace
file C:/Users/chenyu/Desktop/0805/doomloop/figures/debt_marginal_effect_no_b.pdf saved as PDF format

. restore

. 
. preserve

.     clear

.     set obs 202
Number of observations (_N) was 0, now 202.

.     generate double theta = scalar(theta_ready_ns_p1)+(_n-1)*(scalar(theta_ready_ns_p99)-scalar(theta_ready_ns_p1))/200 in 1/201
(1 missing value generated)

.     replace theta = scalar(rss_min_cutoff_debt_ns) in 202
(1 real change made)

.     sort theta

.     generate double cutoff = scalar(rss_min_cutoff_debt_ns)

.     generate double marginal_effect = cond(theta<cutoff,scalar(ready_debt_delta_L_ns)*(cutoff-theta),scalar(ready_debt_delta_H_ns)*(theta-cutoff))

.     replace marginal_effect = 0 if abs(theta-cutoff)<1e-12
(0 real changes made)

.     generate double se = cond(theta<cutoff,abs(cutoff-theta)*scalar(ready_debt_se_L_ns),abs(theta-cutoff)*scalar(ready_debt_se_H_ns))

.     replace se = 0 if abs(theta-cutoff)<1e-12
(0 real changes made)

.     generate double critical = invttail(scalar(ready_debt_df_ns),.025)

.     generate double ci_low = marginal_effect-critical*se

.     generate double ci_high = marginal_effect+critical*se

.     generate str8 branch = cond(theta<cutoff,"low",cond(theta>cutoff,"high","cutoff"))

.     order theta cutoff branch marginal_effect se ci_low ci_high

.     save "`outdir'/nostate_marginal_curve_ready_debt_cutoff.dta", replace
file C:/Users/chenyu/Desktop/0805/doomloop/stata_outputs/nostate_marginal_curve_ready_debt_cutoff.dta saved

.     export delimited using "`outdir'/nostate_marginal_curve_ready_debt_cutoff.csv", replace
file C:/Users/chenyu/Desktop/0805/doomloop/stata_outputs/nostate_marginal_curve_ready_debt_cutoff.csv saved

.     twoway (rarea ci_low ci_high theta, color("226 239 218")) (line marginal_effect theta, lcolor("44 127 55") lwidth(medthick)), ///
>         xline(`=scalar(rss_min_cutoff_debt_ns)', lcolor(gs6) lpattern(dash) lwidth(medthin)) yline(0, lcolor(gs8) lwidth(thin)) ///
>         title("Readiness at t: no lagged A", color(black) size(medsmall)) subtitle("Cutoff inherited from full debt equation; pointwise 95% CI", color(gs5) size(small)) ///
>         xtitle("Empirical adaptation index theta^A", size(small)) ytitle("Marginal effect on readiness level", size(small)) ///
>         legend(order(2 "Point estimate" 1 "95% CI") rows(1) size(small)) graphregion(color(white)) plotregion(color(white)) ///
>         note("Dashed line: debt-equation cutoff; readiness has no own cutoff search.", size(vsmall) color(gs5)) name(g_ready_debt_ns, replace)

.     graph export "`figuredir'/readiness_marginal_effect_debt_cutoff_no_lag.png", replace width(2400)
file C:/Users/chenyu/Desktop/0805/doomloop/figures/readiness_marginal_effect_debt_cutoff_no_lag.png saved as PNG format

.     graph export "`figuredir'/readiness_marginal_effect_debt_cutoff_no_lag.pdf", replace
file C:/Users/chenyu/Desktop/0805/doomloop/figures/readiness_marginal_effect_debt_cutoff_no_lag.pdf saved as PDF format

. restore

. 
. graph combine g_debt_ns g_ready_debt_ns, cols(1) xcommon graphregion(color(white)) imargin(tiny) name(g_nostate, replace)

. graph export "`figuredir'/kink_marginal_effects_no_state.png", replace width(2400)
file C:/Users/chenyu/Desktop/0805/doomloop/figures/kink_marginal_effects_no_state.png saved as PNG format

. graph export "`figuredir'/kink_marginal_effects_no_state.pdf", replace
file C:/Users/chenyu/Desktop/0805/doomloop/figures/kink_marginal_effects_no_state.pdf saved as PDF format

. 
. * Estimator validation: all five criterion branch coefficients plus readiness.
. tempname p_validate

. postfile `p_validate' str12 specification str12 equation str16 variable double areg_b lsdv_b abs_b_diff areg_se lsdv_se abs_se_diff using "`outdir'/nostate_estimator_validation.dta", replace

. foreach key of local criterion_keys {
  2.     if "`key'"=="theta" {
  3.         local qvar theta_hat_A
  4.         local qlabel "theta"
  5.     }
  6.     if "`key'"=="debt" {
  7.         local qvar debt_gdp
  8.         local qlabel "b"
  9.     }
 10.     if "`key'"=="ma" {
 11.         local qvar mA_hat
 12.         local qlabel "mA"
 13.     }
 14.     if "`key'"=="ta" {
 15.         local qvar TA_hat
 16.         local qlabel "TA"
 17.     }
 18.     if "`key'"=="bma" {
 19.         local qvar bmA_hat
 20.         local qlabel "b*mA"
 21.     }
 22.     generate double __vL = readiness100*max(scalar(cutoff_`key')-`qvar',0) if sample_debt_ns
 23.     generate double __vH = readiness100*max(`qvar'-scalar(cutoff_`key'),0) if sample_debt_ns
 24.     quietly areg b_outcome __vL __vH `full_controls_debt' i.year if sample_debt_ns, absorb(country_id) vce(robust)
 25.     scalar ar_b_L = _b[__vL]
 26.     scalar ar_b_H = _b[__vH]
 27.     scalar ar_s_L = _se[__vL]
 28.     scalar ar_s_H = _se[__vH]
 29.     quietly regress b_outcome __vL __vH `full_controls_debt' i.country_id i.year if sample_debt_ns, vce(robust)
 30.     post `p_validate' ("`qlabel'") ("criterion") ("beta_L") (scalar(ar_b_L)) (_b[__vL]) (abs(scalar(ar_b_L)-_b[__vL])) (scalar(ar_s_L)) (_se[__vL]) (abs(scalar(ar_s_L)-_se[__vL]))
 31.     post `p_validate' ("`qlabel'") ("criterion") ("beta_H") (scalar(ar_b_H)) (_b[__vH]) (abs(scalar(ar_b_H)-_b[__vH])) (scalar(ar_s_H)) (_se[__vH]) (abs(scalar(ar_s_H)-_se[__vH]))
 32.     drop __vL __vH
 33. }
(394 missing values generated)
(394 missing values generated)
(394 missing values generated)
(394 missing values generated)
(394 missing values generated)
(394 missing values generated)
(394 missing values generated)
(394 missing values generated)
(394 missing values generated)
(394 missing values generated)

. quietly areg A_outcome ready_debt_kink_low ready_debt_kink_high `full_controls_ready' i.year if sample_ready_ns, absorb(country_id) vce(robust)

. scalar ar_b_L = _b[ready_debt_kink_low]

. scalar ar_b_H = _b[ready_debt_kink_high]

. scalar ar_s_L = _se[ready_debt_kink_low]

. scalar ar_s_H = _se[ready_debt_kink_high]

. quietly regress A_outcome ready_debt_kink_low ready_debt_kink_high `full_controls_ready' i.country_id i.year if sample_ready_ns, vce(robust)

. post `p_validate' ("readiness") ("ready_debt") ("delta_L") (scalar(ar_b_L)) (_b[ready_debt_kink_low]) (abs(scalar(ar_b_L)-_b[ready_debt_kink_low])) (scalar(ar_s_L)) (_se[ready_debt_kink_low]) (abs(scalar(ar_s_L)-_se[ready_debt_kink_low]))

. post `p_validate' ("readiness") ("ready_debt") ("delta_H") (scalar(ar_b_H)) (_b[ready_debt_kink_high]) (abs(scalar(ar_b_H)-_b[ready_debt_kink_high])) (scalar(ar_s_H)) (_se[ready_debt_kink_high]) (abs(scalar(ar_s_H)-_se[ready_debt_kink_high]))

. postclose `p_validate'

. preserve

.     use "`outdir'/nostate_estimator_validation.dta", clear

.     export delimited using "`outdir'/nostate_estimator_validation.csv", replace
file C:/Users/chenyu/Desktop/0805/doomloop/stata_outputs/nostate_estimator_validation.csv saved

. restore

. 
. * Main hinge identities and readiness-cutoff identity.
. generate double __formula = readiness100*max(scalar(rss_min_cutoff_debt_ns)-theta_hat_A,0) if sample_debt_ns
(394 missing values generated)

. generate double __diff = abs(debt_kink_low-__formula) if sample_debt_ns
(394 missing values generated)

. quietly summarize __diff, meanonly

. post `p_formula' ("main debt low hinge") (r(max)) (1e-10) (r(max)<=1e-10)

. drop __formula __diff

. generate double __formula = readiness100*max(theta_hat_A-scalar(rss_min_cutoff_debt_ns),0) if sample_debt_ns
(394 missing values generated)

. generate double __diff = abs(debt_kink_high-__formula) if sample_debt_ns
(394 missing values generated)

. quietly summarize __diff, meanonly

. post `p_formula' ("main debt high hinge") (r(max)) (1e-10) (r(max)<=1e-10)

. drop __formula __diff

. generate double __formula = interest_revenue*max(scalar(rss_min_cutoff_debt_ns)-theta_hat_A,0) if sample_ready_ns
(369 missing values generated)

. generate double __diff = abs(ready_debt_kink_low-__formula) if sample_ready_ns
(369 missing values generated)

. quietly summarize __diff, meanonly

. post `p_formula' ("readiness debt-cutoff low hinge") (r(max)) (1e-10) (r(max)<=1e-10)

. drop __formula __diff

. generate double __formula = interest_revenue*max(theta_hat_A-scalar(rss_min_cutoff_debt_ns),0) if sample_ready_ns
(369 missing values generated)

. generate double __diff = abs(ready_debt_kink_high-__formula) if sample_ready_ns
(369 missing values generated)

. quietly summarize __diff, meanonly

. post `p_formula' ("readiness debt-cutoff high hinge") (r(max)) (1e-10) (r(max)<=1e-10)

. drop __formula __diff

. post `p_formula' ("readiness cutoff equals debt cutoff") (0) (1e-12) (1)

. postclose `p_formula'

. preserve

.     use "`outdir'/nostate_formula_checks.dta", clear

.     export delimited using "`outdir'/nostate_formula_checks.csv", replace
file C:/Users/chenyu/Desktop/0805/doomloop/stata_outputs/nostate_formula_checks.csv saved

. restore

. 
. * RSS-minimum validation for every competing criterion.
. tempname p_critvalidate

. postfile `p_critvalidate' str12 criterion double recorded_cutoff profile_min_rss rss_at_recorded_cutoff abs_rss_diff N N_low N_high byte count_identity cutoff_row_exists passed using "`outdir'/criterion_cutoff_validation.dta", replace

. foreach key of local criterion_keys {
  2.     if "`key'"=="theta" local qlabel "theta"
  3.     if "`key'"=="debt" local qlabel "b"
  4.     if "`key'"=="ma" local qlabel "mA"
  5.     if "`key'"=="ta" local qlabel "TA"
  6.     if "`key'"=="bma" local qlabel "b*mA"
  7.     preserve
  8.         use "`outdir'/criterion_rss_profiles.dta", clear
  9.         keep if criterion=="`qlabel'"
 10.         quietly summarize rss, meanonly
 11.         local minrss = r(min)
 12.         quietly count if abs(cutoff-scalar(cutoff_`key'))<1e-10
 13.         local exists = r(N)==1
 14.         quietly summarize rss if abs(cutoff-scalar(cutoff_`key'))<1e-10, meanonly
 15.         local chosenrss = r(mean)
 16.         local countok = scalar(low_n_`key')+scalar(high_n_`key')==scalar(N_debt_ns)
 17.         post `p_critvalidate' ("`qlabel'") (scalar(cutoff_`key')) (`minrss') (`chosenrss') (abs(`chosenrss'-`minrss')) (scalar(N_debt_ns)) (scalar(low_n_`key')) (scalar(high_n_`key')) (`countok') (`exists') (`exists' & `countok' & abs(`chosenrss'-`mi
> nrss')<1e-8)
 18.     restore
 19. }
(4,577 observations deleted)
(4,585 observations deleted)
(4,578 observations deleted)
(4,579 observations deleted)
(4,577 observations deleted)

. postclose `p_critvalidate'

. preserve

.     use "`outdir'/criterion_cutoff_validation.dta", clear

.     export delimited using "`outdir'/criterion_cutoff_validation.csv", replace
file C:/Users/chenyu/Desktop/0805/doomloop/stata_outputs/criterion_cutoff_validation.csv saved

. restore

. 
. tempname p_cutvalidate

. postfile `p_cutvalidate' str12 equation str16 cutoff_source double recorded_cutoff profile_min_rss rss_at_recorded_cutoff abs_rss_diff byte cutoff_row_exists passed using "`outdir'/nostate_cutoff_validation.dta", replace

. preserve

.     use "`outdir'/criterion_rss_profiles.dta", clear

.     keep if criterion=="theta"
(4,577 observations deleted)

.     quietly summarize rss, meanonly

.     local minrss = r(min)

.     quietly count if abs(cutoff-scalar(rss_min_cutoff_debt_ns))<1e-10

.     local exists = r(N)==1

.     quietly summarize rss if abs(cutoff-scalar(rss_min_cutoff_debt_ns))<1e-10, meanonly

.     local chosenrss = r(mean)

. restore

. post `p_cutvalidate' ("debt") ("debt_full") (scalar(rss_min_cutoff_debt_ns)) (`minrss') (`chosenrss') (abs(`chosenrss'-`minrss')) (`exists') (`exists' & abs(`chosenrss'-`minrss')<1e-8)

. post `p_cutvalidate' ("ready_debt") ("debt_full") (scalar(rss_min_cutoff_debt_ns)) (`minrss') (`chosenrss') (abs(`chosenrss'-`minrss')) (`exists') (`exists' & abs(`chosenrss'-`minrss')<1e-8)

. postclose `p_cutvalidate'

. preserve

.     use "`outdir'/nostate_cutoff_validation.dta", clear

.     export delimited using "`outdir'/nostate_cutoff_validation.csv", replace
file C:/Users/chenyu/Desktop/0805/doomloop/stata_outputs/nostate_cutoff_validation.csv saved

. restore

. 
. * Metadata and row-level reproducibility audit.
. tempname p_meta

. postfile `p_meta' str56 item double value using "`outdir'/nostate_run_metadata.dta", replace

. post `p_meta' ("source_observations") (scalar(N_source))

. post `p_meta' ("source_duplicate_rows") (scalar(N_duplicate_source))

. post `p_meta' ("bad_b_it_debt_gdp_mapping_rows") (scalar(bad_b_it_mapping_rows_ns))

. post `p_meta' ("max_theta_debt_gdp_reconstruction_diff") (scalar(max_theta_reconstruction_diff_ns))

. post `p_meta' ("debt_sample_observations") (scalar(N_debt_ns))

. post `p_meta' ("debt_sample_countries") (scalar(G_debt_ns))

. post `p_meta' ("debt_sample_years") (scalar(T_debt_ns))

. post `p_meta' ("debt_sample_first_year") (scalar(year_min_debt_ns))

. post `p_meta' ("debt_sample_last_year") (scalar(year_max_debt_ns))

. post `p_meta' ("ready_sample_observations") (scalar(N_ready_ns))

. post `p_meta' ("ready_sample_countries") (scalar(G_ready_ns))

. post `p_meta' ("ready_sample_years") (scalar(T_ready_ns))

. post `p_meta' ("ready_sample_first_year") (scalar(year_min_ready_ns))

. post `p_meta' ("ready_sample_last_year") (scalar(year_max_ready_ns))

. post `p_meta' ("rss_min_cutoff_debt_theta") (scalar(rss_min_cutoff_debt_ns))

. post `p_meta' ("ready_rss_at_debt_cutoff") (scalar(rss_ready_at_debt_cutoff_ns))

. post `p_meta' ("outcome_horizon") (1)

. post `p_meta' ("competing_criterion_count") (5)

. postclose `p_meta'

. preserve

.     use "`outdir'/nostate_run_metadata.dta", clear

.     export delimited using "`outdir'/nostate_run_metadata.csv", replace
file C:/Users/chenyu/Desktop/0805/doomloop/stata_outputs/nostate_run_metadata.csv saved

. restore

. 
. preserve

.     keep country_name iso3 country_id year b_outcome_year A_outcome_year sample_debt_ns sample_ready_ns debt_ns_missing_count ready_ns_missing_count b_outcome A_outcome interest_revenue readiness100 debt_gdp vulnerability100 b_it_theta mA_hat spread_sav
> ing_component TA_hat bmA_hat theta_hat_A theta_recomputed_debt_gdp theta_reconstruction_diff b_it_mapping_diff debt_hinge_low_ns debt_hinge_high_ns debt_kink_low debt_kink_high ready_debt_hinge_low_ns ready_debt_hinge_high_ns ready_debt_kink_low ready_d
> ebt_kink_high

.     sort iso3 year

.     export delimited using "`outdir'/nostate_sample_audit.csv", replace
file C:/Users/chenyu/Desktop/0805/doomloop/stata_outputs/nostate_sample_audit.csv saved

. restore

. 
. preserve

.     keep country_name iso3 country_id year b_outcome_year A_outcome_year b_outcome A_outcome readiness100 interest_revenue debt_gdp vulnerability100 b_it_theta mA_hat spread_saving_component TA_hat bmA_hat theta_hat_A theta_recomputed_debt_gdp theta_rec
> onstruction_diff b_it_mapping_diff growth inflation_cpi reserves tt sample_debt_ns sample_ready_ns debt_hinge_low_ns debt_hinge_high_ns debt_kink_low debt_kink_high ready_debt_hinge_low_ns ready_debt_hinge_high_ns ready_debt_kink_low ready_debt_kink_hig
> h

.     sort iso3 year

.     save "`outdir'/doomloop_nostate_panel.dta", replace
file C:/Users/chenyu/Desktop/0805/doomloop/stata_outputs/doomloop_nostate_panel.dta saved

.     export delimited using "`outdir'/doomloop_nostate_panel.csv", replace
file C:/Users/chenyu/Desktop/0805/doomloop/stata_outputs/doomloop_nostate_panel.csv saved

. restore

. 
. display as result "ANALYSIS COMPLETE NO-STATE"
ANALYSIS COMPLETE NO-STATE

. display as result "Debt no-b sample: N=" scalar(N_debt_ns) ", countries=" scalar(G_debt_ns) ", years=" scalar(T_debt_ns) ", theta cutoff=" scalar(rss_min_cutoff_debt_ns)
Debt no-b sample: N=1433, countries=60, years=28, theta cutoff=.05573668

. display as result "Readiness no-lag sample: N=" scalar(N_ready_ns) ", countries=" scalar(G_ready_ns) ", years=" scalar(T_ready_ns) ", inherited cutoff=" scalar(rss_min_cutoff_debt_ns)
Readiness no-lag sample: N=1458, countries=59, years=29, inherited cutoff=.05573668

. display as result "Competing criteria estimated: 5; shared debt sample N=" scalar(N_debt_ns)
Competing criteria estimated: 5; shared debt sample N=1433

. log close nostatelog
      name:  nostatelog
       log:  C:/Users/chenyu/Desktop/0805/doomloop/stata_outputs/doomloop_no_state.log
  log type:  text
 closed on:  16 Aug 2026, 17:47:02
---------------------------------------------------------------------------------------------------------------------------------------------------------------------------------------------------------------------------------------------------------------

. 
end of do-file
